Picked up JAVA_TOOL_OPTIONS: -Duser.timezone=Asia/Kolkata
[INFO] Scanning for projects...
[INFO] 
[INFO] ----------------< com.enterprise.order:shared-library >-----------------
[INFO] Building Shared Library 1.0.0
[INFO] --------------------------------[ jar ]---------------------------------
[INFO] 
[INFO] --- maven-resources-plugin:2.6:resources (default-resources) @ shared-library ---
[INFO] Using 'UTF-8' encoding to copy filtered resources.
[INFO] Copying 1 resource
[INFO] 
[INFO] --- maven-compiler-plugin:3.11.0:compile (default-compile) @ shared-library ---
[INFO] Nothing to compile - all classes are up to date
[INFO] 
[INFO] --- maven-resources-plugin:2.6:testResources (default-testResources) @ shared-library ---
[INFO] Using 'UTF-8' encoding to copy filtered resources.
[INFO] skip non existing resourceDirectory C:\dev\projects\enterprise-order-platform\services\shared-library\src\test\resources
[INFO] 
[INFO] --- maven-compiler-plugin:3.11.0:testCompile (default-testCompile) @ shared-library ---
[INFO] Changes detected - recompiling the module! :source
[INFO] Compiling 2 source files with javac [debug target 21] to target\test-classes
[WARNING] location of system modules is not set in conjunction with -source 21
  not setting the location of system modules may lead to class files that cannot run on JDK 21
    --release 21 is recommended instead of -source 21 -target 21 because it sets the location of system modules automatically
[INFO] 
[INFO] --- maven-surefire-plugin:3.2.5:test (default-test) @ shared-library ---
[INFO] Using auto detected provider org.apache.maven.surefire.junitplatform.JUnitPlatformProvider
[INFO] 
[INFO] -------------------------------------------------------
[INFO]  T E S T S
[INFO] -------------------------------------------------------
Picked up JAVA_TOOL_OPTIONS: -Duser.timezone=Asia/Kolkata
[INFO] Running com.enterprise.order.shared.events.EventSerializationTest
[INFO] Tests run: 5, Failures: 0, Errors: 0, Skipped: 0, Time elapsed: 1.653 s -- in com.enterprise.order.shared.events.EventSerializationTest
[INFO] Running com.enterprise.order.shared.events.KafkaEventIntegrationTest
[INFO] Tests run: 8, Failures: 0, Errors: 0, Skipped: 0, Time elapsed: 0.302 s -- in com.enterprise.order.shared.events.KafkaEventIntegrationTest
[INFO] 
[INFO] Results:
[INFO] 
[INFO] Tests run: 13, Failures: 0, Errors: 0, Skipped: 0
[INFO] 
[INFO] ------------------------------------------------------------------------
[INFO] BUILD SUCCESS
[INFO] ------------------------------------------------------------------------
[INFO] Total time:  21.253 s
[INFO] Finished at: 2026-08-02T21:58:06+05:30
[INFO] ------------------------------------------------------------------------
